    Finished `test` profile [optimized + debuginfo] target(s) in 0.23s
     Running unittests src/lib.rs (crates/target/debug/deps/inox_bvh-6dc754c2c72c3cc7)

running 1 test
test bvh::test_bvh ... ok

test result: ok. 1 passed; 0 failed; 0 ignored; 0 measured; 0 filtered out; finished in 0.00s

   Doc-tests inox_bvh

running 0 tests

test result: ok. 0 passed; 0 failed; 0 ignored; 0 measured; 0 filtered out; finished in 0.00s
